// Jest Snapshot v1, https://goo.gl/fbAQLP

exports[`<AppButton> as default renders correctly 1`] = `null`;
