// Jest Snapshot v1, https://goo.gl/fbAQLP

exports[`<DateText> as default renders correctly 1`] = `null`;
